<?xml version="1.0" encoding="ISO-8859-1" ?>
<link_info>
   <banner>TMS320C2000 Linker PC v22.6.2.LTS</banner>
   <copyright>Copyright (c) 1996-2018 Texas Instruments Incorporated</copyright>
   <link_time>0x6a620426</link_time>
   <link_errors>0x0</link_errors>
   <output_file>LCD_I2C.out</output_file>
   <entry_point>
      <name>code_start</name>
      <address>0x0</address>
   </entry_point>
   <input_file_list>
      <input_file id="fl-2">
         <path>.\syscfg\</path>
         <kind>object</kind>
         <file>board.obj</file>
         <name>board.obj</name>
      </input_file>
      <input_file id="fl-3">
         <path>.\syscfg\</path>
         <kind>object</kind>
         <file>c2000ware_libraries.obj</file>
         <name>c2000ware_libraries.obj</name>
      </input_file>
      <input_file id="fl-4">
         <path>.\app\</path>
         <kind>object</kind>
         <file>main.obj</file>
         <name>main.obj</name>
      </input_file>
      <input_file id="fl-5">
         <path>.\device\</path>
         <kind>object</kind>
         <file>device.obj</file>
         <name>device.obj</name>
      </input_file>
      <input_file id="fl-6">
         <path>.\device\</path>
         <kind>object</kind>
         <file>f28004x_codestartbranch.obj</file>
         <name>f28004x_codestartbranch.obj</name>
      </input_file>
      <input_file id="fl-7">
         <path>.\hw\</path>
         <kind>object</kind>
         <file>hw_i2c.obj</file>
         <name>hw_i2c.obj</name>
      </input_file>
      <input_file id="fl-8">
         <path>.\hw\</path>
         <kind>object</kind>
         <file>meter_lcd.obj</file>
         <name>meter_lcd.obj</name>
      </input_file>
      <input_file id="fl-e">
         <kind>object</kind>
         <file>&lt;internal&gt;</file>
         <name>&lt;internal&gt;</name>
      </input_file>
      <input_file id="fl-12">
         <path>C:\ti\c2000\C2000Ware_6_00_01_00\driverlib\f28004x\driverlib\ccs\Debug\</path>
         <kind>archive</kind>
         <file>driverlib_eabi.lib</file>
         <name>dcc.obj</name>
      </input_file>
      <input_file id="fl-13">
         <path>C:\ti\c2000\C2000Ware_6_00_01_00\driverlib\f28004x\driverlib\ccs\Debug\</path>
         <kind>archive</kind>
         <file>driverlib_eabi.lib</file>
         <name>gpio.obj</name>
      </input_file>
      <input_file id="fl-14">
         <path>C:\ti\c2000\C2000Ware_6_00_01_00\driverlib\f28004x\driverlib\ccs\Debug\</path>
         <kind>archive</kind>
         <file>driverlib_eabi.lib</file>
         <name>i2c.obj</name>
      </input_file>
      <input_file id="fl-15">
         <path>C:\ti\c2000\C2000Ware_6_00_01_00\driverlib\f28004x\driverlib\ccs\Debug\</path>
         <kind>archive</kind>
         <file>driverlib_eabi.lib</file>
         <name>interrupt.obj</name>
      </input_file>
      <input_file id="fl-16">
         <path>C:\ti\c2000\C2000Ware_6_00_01_00\driverlib\f28004x\driverlib\ccs\Debug\</path>
         <kind>archive</kind>
         <file>driverlib_eabi.lib</file>
         <name>sysctl.obj</name>
      </input_file>
      <input_file id="fl-22">
         <path>C:\ti\ccs2031\ccs\tools\compiler\ti-cgt-c2000_22.6.2.LTS\lib\</path>
         <kind>archive</kind>
         <file>rts2800_fpu32_eabi.lib</file>
         <name>boot28.asm.obj</name>
      </input_file>
      <input_file id="fl-23">
         <path>C:\ti\ccs2031\ccs\tools\compiler\ti-cgt-c2000_22.6.2.LTS\lib\</path>
         <kind>archive</kind>
         <file>rts2800_fpu32_eabi.lib</file>
         <name>fs_div28.asm.obj</name>
      </input_file>
      <input_file id="fl-24">
         <path>C:\ti\ccs2031\ccs\tools\compiler\ti-cgt-c2000_22.6.2.LTS\lib\</path>
         <kind>archive</kind>
         <file>rts2800_fpu32_eabi.lib</file>
         <name>memcpy.c.obj</name>
      </input_file>
      <input_file id="fl-25">
         <path>C:\ti\ccs2031\ccs\tools\compiler\ti-cgt-c2000_22.6.2.LTS\lib\</path>
         <kind>archive</kind>
         <file>rts2800_fpu32_eabi.lib</file>
         <name>pre_init.c.obj</name>
      </input_file>
      <input_file id="fl-26">
         <path>C:\ti\ccs2031\ccs\tools\compiler\ti-cgt-c2000_22.6.2.LTS\lib\</path>
         <kind>archive</kind>
         <file>rts2800_fpu32_eabi.lib</file>
         <name>autoinit.c.obj</name>
      </input_file>
      <input_file id="fl-27">
         <path>C:\ti\ccs2031\ccs\tools\compiler\ti-cgt-c2000_22.6.2.LTS\lib\</path>
         <kind>archive</kind>
         <file>rts2800_fpu32_eabi.lib</file>
         <name>copy_zero_init.c.obj</name>
      </input_file>
      <input_file id="fl-28">
         <path>C:\ti\ccs2031\ccs\tools\compiler\ti-cgt-c2000_22.6.2.LTS\lib\</path>
         <kind>archive</kind>
         <file>rts2800_fpu32_eabi.lib</file>
         <name>copy_decompress_none.c.obj</name>
      </input_file>
      <input_file id="fl-29">
         <path>C:\ti\ccs2031\ccs\tools\compiler\ti-cgt-c2000_22.6.2.LTS\lib\</path>
         <kind>archive</kind>
         <file>rts2800_fpu32_eabi.lib</file>
         <name>copy_decompress_lzss.c.obj</name>
      </input_file>
      <input_file id="fl-2a">
         <path>C:\ti\ccs2031\ccs\tools\compiler\ti-cgt-c2000_22.6.2.LTS\lib\</path>
         <kind>archive</kind>
         <file>rts2800_fpu32_eabi.lib</file>
         <name>exit.c.obj</name>
      </input_file>
      <input_file id="fl-2b">
         <path>C:\ti\ccs2031\ccs\tools\compiler\ti-cgt-c2000_22.6.2.LTS\lib\</path>
         <kind>archive</kind>
         <file>rts2800_fpu32_eabi.lib</file>
         <name>_lock.c.obj</name>
      </input_file>
      <input_file id="fl-2c">
         <path>C:\ti\ccs2031\ccs\tools\compiler\ti-cgt-c2000_22.6.2.LTS\lib\</path>
         <kind>archive</kind>
         <file>rts2800_fpu32_eabi.lib</file>
         <name>args_main.c.obj</name>
      </input_file>
      <input_file id="fl-2d">
         <path>C:\ti\ccs2031\ccs\tools\compiler\ti-cgt-c2000_22.6.2.LTS\lib\</path>
         <kind>archive</kind>
         <file>rts2800_fpu32_eabi.lib</file>
         <name>memset.c.obj</name>
      </input_file>
      <input_file id="fl-2e">
         <path>C:\ti\ccs2031\ccs\tools\compiler\ti-cgt-c2000_22.6.2.LTS\lib\</path>
         <kind>archive</kind>
         <file>rts2800_fpu32_eabi.lib</file>
         <name>cpy_tbl.c.obj</name>
      </input_file>
      <input_file id="fl-2f">
         <path>C:\ti\ccs2031\ccs\tools\compiler\ti-cgt-c2000_22.6.2.LTS\lib\</path>
         <kind>archive</kind>
         <file>rts2800_fpu32_eabi.lib</file>
         <name>startup.c.obj</name>
      </input_file>
   </input_file_list>
   <object_component_list>
      <object_component id="oc-20">
         <name>codestart</name>
         <load_address>0x0</load_address>
         <run_address>0x0</run_address>
         <size>0x2</size>
         <input_file_ref idref="fl-6"/>
      </object_component>
      <object_component id="oc-263">
         <name>.TI.ramfunc</name>
         <load_address>0xf6</load_address>
         <run_address>0xf6</run_address>
         <size>0x4</size>
         <input_file_ref idref="fl-16"/>
      </object_component>
      <object_component id="oc-5b">
         <name>.text:__sti___13_meter_lcd_cpp_4b68d83c</name>
         <load_address>0x8000</load_address>
         <run_address>0x8000</run_address>
         <size>0x16e</size>
         <input_file_ref idref="fl-8"/>
      </object_component>
      <object_component id="oc-1a4">
         <name>.text:Device_enableAllPeripherals</name>
         <load_address>0x816e</load_address>
         <run_address>0x816e</run_address>
         <size>0xe0</size>
         <input_file_ref idref="fl-5"/>
      </object_component>
      <object_component id="oc-17f">
         <name>.text:SysCtl_setClock</name>
         <load_address>0x824e</load_address>
         <run_address>0x824e</run_address>
         <size>0xc8</size>
         <input_file_ref idref="fl-16"/>
      </object_component>
      <object_component id="oc-264">
         <name>.text:SysCtl_isPLLValid</name>
         <load_address>0x8316</load_address>
         <run_address>0x8316</run_address>
         <size>0xbd</size>
         <input_file_ref idref="fl-16"/>
      </object_component>
      <object_component id="oc-230">
         <name>.text:_ZN37_GLOBAL__N__13_meter_lcd_cpp_4b68d83c16EncodeMainNumberEPKcPj</name>
         <load_address>0x83d3</load_address>
         <run_address>0x83d3</run_address>
         <size>0x92</size>
         <input_file_ref idref="fl-8"/>
      </object_component>
      <object_component id="oc-2b5">
         <name>.text:_ZN5HwI2C5WriteEjPKjj</name>
         <load_address>0x8465</load_address>
         <run_address>0x8465</run_address>
         <size>0x8b</size>
         <input_file_ref idref="fl-7"/>
      </object_component>
      <object_component id="oc-31b">
         <name>.text:DCC_setCounterSeeds</name>
         <load_address>0x84f0</load_address>
         <run_address>0x84f0</run_address>
         <size>0x73</size>
         <input_file_ref idref="fl-16"/>
      </object_component>
      <object_component id="oc-1ee">
         <name>.text:I2C_initController</name>
         <load_address>0x8563</load_address>
         <run_address>0x8563</run_address>
         <size>0x64</size>
         <input_file_ref idref="fl-14"/>
      </object_component>
      <object_component id="oc-18b">
         <name>.text:SysCtl_getClock</name>
         <load_address>0x85c7</load_address>
         <run_address>0x85c7</run_address>
         <size>0x5e</size>
         <input_file_ref idref="fl-16"/>
      </object_component>
      <object_component id="oc-1b0">
         <name>.text:GPIO_setPadConfig</name>
         <load_address>0x8625</load_address>
         <run_address>0x8625</run_address>
         <size>0x52</size>
         <input_file_ref idref="fl-13"/>
      </object_component>
      <object_component id="oc-122">
         <name>.text:Device_init</name>
         <load_address>0x8677</load_address>
         <run_address>0x8677</run_address>
         <size>0x51</size>
         <input_file_ref idref="fl-5"/>
      </object_component>
      <object_component id="oc-140">
         <name>.text:_ZN5HwI2C4InitEv</name>
         <load_address>0x86c8</load_address>
         <run_address>0x86c8</run_address>
         <size>0x4e</size>
         <input_file_ref idref="fl-7"/>
      </object_component>
      <object_component id="oc-25d">
         <name>.text:SysCtl_selectOscSource</name>
         <load_address>0x8716</load_address>
         <run_address>0x8716</run_address>
         <size>0x4d</size>
         <input_file_ref idref="fl-16"/>
      </object_component>
      <object_component id="oc-80">
         <name>.text:_ZN37_GLOBAL__N__13_meter_lcd_cpp_4b68d83c14DigitFromSheetEj</name>
         <load_address>0x8763</load_address>
         <run_address>0x8763</run_address>
         <size>0x47</size>
         <input_file_ref idref="fl-8"/>
      </object_component>
      <object_component id="oc-38b">
         <name>.text:SysCtl_pollX1Counter</name>
         <load_address>0x87aa</load_address>
         <run_address>0x87aa</run_address>
         <size>0x45</size>
         <input_file_ref idref="fl-16"/>
      </object_component>
      <object_component id="oc-39a">
         <name>.text:DCC_isBaseValid</name>
         <load_address>0x87ef</load_address>
         <run_address>0x87ef</run_address>
         <size>0x10</size>
         <input_file_ref idref="fl-16"/>
      </object_component>
      <object_component id="oc-13a">
         <name>.text:C2000Ware_libraries_init</name>
         <load_address>0x87ff</load_address>
         <run_address>0x87ff</run_address>
         <size>0x1</size>
         <input_file_ref idref="fl-3"/>
      </object_component>
      <object_component id="oc-2de">
         <name>.text:SysCtl_selectXTAL</name>
         <load_address>0x8800</load_address>
         <run_address>0x8800</run_address>
         <size>0x40</size>
         <input_file_ref idref="fl-16"/>
      </object_component>
      <object_component id="oc-12e">
         <name>.text:Interrupt_initModule</name>
         <load_address>0x8840</load_address>
         <run_address>0x8840</run_address>
         <size>0x3d</size>
         <input_file_ref idref="fl-15"/>
      </object_component>
      <object_component id="oc-1bc">
         <name>.text:GPIO_setAnalogMode</name>
         <load_address>0x887d</load_address>
         <run_address>0x887d</run_address>
         <size>0x3a</size>
         <input_file_ref idref="fl-13"/>
      </object_component>
      <object_component id="oc-cf">
         <name>.text:__TI_auto_init_nobinit</name>
         <load_address>0x88b7</load_address>
         <run_address>0x88b7</run_address>
         <size>0x38</size>
         <input_file_ref idref="fl-26"/>
      </object_component>
      <object_component id="oc-1dc">
         <name>.text:GPIO_setPinConfig</name>
         <load_address>0x88ef</load_address>
         <run_address>0x88ef</run_address>
         <size>0x37</size>
         <input_file_ref idref="fl-13"/>
      </object_component>
      <object_component id="oc-1e2">
         <name>.text:GPIO_setQualificationMode</name>
         <load_address>0x8926</load_address>
         <run_address>0x8926</run_address>
         <size>0x37</size>
         <input_file_ref idref="fl-13"/>
      </object_component>
      <object_component id="oc-236">
         <name>.text:_ZN8MeterLcd8WriteRamEjPKjj</name>
         <load_address>0x895d</load_address>
         <run_address>0x895d</run_address>
         <size>0x32</size>
         <input_file_ref idref="fl-8"/>
      </object_component>
      <object_component id="oc-1b6">
         <name>.text:GPIO_setDirectionMode</name>
         <load_address>0x898f</load_address>
         <run_address>0x898f</run_address>
         <size>0x31</size>
         <input_file_ref idref="fl-13"/>
      </object_component>
      <object_component id="oc-13">
         <name>.text:decompress:lzss</name>
         <load_address>0x89c0</load_address>
         <run_address>0x89c0</run_address>
         <size>0x2e</size>
         <input_file_ref idref="fl-29"/>
      </object_component>
      <object_component id="oc-372">
         <name>.text:_ZN34_GLOBAL__N__10_hw_i2c_cpp_842102a918WaitForTxFifoEmptyEv</name>
         <load_address>0x89ee</load_address>
         <run_address>0x89ee</run_address>
         <size>0x29</size>
         <input_file_ref idref="fl-7"/>
      </object_component>
      <object_component id="oc-ac">
         <name>.text</name>
         <load_address>0x8a17</load_address>
         <run_address>0x8a17</run_address>
         <size>0x29</size>
         <input_file_ref idref="fl-2a"/>
      </object_component>
      <object_component id="oc-206">
         <name>.text:_Z25I2C_setFIFOInterruptLevelm15I2C_TxFIFOLevel15I2C_RxFIFOLevel</name>
         <load_address>0x8a40</load_address>
         <run_address>0x8a40</run_address>
         <size>0x26</size>
         <input_file_ref idref="fl-7"/>
      </object_component>
      <object_component id="oc-2e4">
         <name>.text:SysCtl_selectXTALSingleEnded</name>
         <load_address>0x8a66</load_address>
         <run_address>0x8a66</run_address>
         <size>0x25</size>
         <input_file_ref idref="fl-16"/>
      </object_component>
      <object_component id="oc-2d4">
         <name>.text:_ZN8MeterLcd9SetRamBitEjjb</name>
         <load_address>0x8a8b</load_address>
         <run_address>0x8a8b</run_address>
         <size>0x25</size>
         <input_file_ref idref="fl-8"/>
      </object_component>
      <object_component id="oc-321">
         <name>.text:DCC_enableSingleShotMode</name>
         <load_address>0x8ab0</load_address>
         <run_address>0x8ab0</run_address>
         <size>0x24</size>
         <input_file_ref idref="fl-16"/>
      </object_component>
      <object_component id="oc-8c">
         <name>.text:_ZN37_GLOBAL__N__13_meter_lcd_cpp_4b68d83c16SegmentFromSheetEjN8MeterLcd3ComE</name>
         <load_address>0x8ad4</load_address>
         <run_address>0x8ad4</run_address>
         <size>0x23</size>
         <input_file_ref idref="fl-8"/>
      </object_component>
      <object_component id="oc-146">
         <name>.text:_ZN8MeterLcd4InitEv</name>
         <load_address>0x8af7</load_address>
         <run_address>0x8af7</run_address>
         <size>0x22</size>
         <input_file_ref idref="fl-8"/>
      </object_component>
      <object_component id="oc-2c7">
         <name>.text:_ZN37_GLOBAL__N__13_meter_lcd_cpp_4b68d83c12WriteRamPageEjPKjj</name>
         <load_address>0x8b19</load_address>
         <run_address>0x8b19</run_address>
         <size>0x21</size>
         <input_file_ref idref="fl-8"/>
      </object_component>
      <object_component id="oc-23d">
         <name>.text:_ZN8MeterLcd15SetGlassSegmentENS_12GlassSegmentEb</name>
         <load_address>0x8b3a</load_address>
         <run_address>0x8b3a</run_address>
         <size>0x20</size>
         <input_file_ref idref="fl-8"/>
      </object_component>
      <object_component id="oc-14d">
         <name>.text:_ZN8MeterLcd5PrintEPKc</name>
         <load_address>0x8b5a</load_address>
         <run_address>0x8b5a</run_address>
         <size>0x1f</size>
         <input_file_ref idref="fl-8"/>
      </object_component>
      <object_component id="oc-315">
         <name>.text:DCC_setCounter1ClkSource</name>
         <load_address>0x8b79</load_address>
         <run_address>0x8b79</run_address>
         <size>0x1e</size>
         <input_file_ref idref="fl-16"/>
      </object_component>
      <object_component id="oc-2c">
         <name>.text:Interrupt_initVectorTable</name>
         <load_address>0x8b97</load_address>
         <run_address>0x8b97</run_address>
         <size>0x1e</size>
         <input_file_ref idref="fl-15"/>
      </object_component>
      <object_component id="oc-41">
         <name>.text</name>
         <load_address>0x8bb5</load_address>
         <run_address>0x8bb5</run_address>
         <size>0x1d</size>
         <input_file_ref idref="fl-24"/>
      </object_component>
      <object_component id="oc-30f">
         <name>.text:DCC_setCounter0ClkSource</name>
         <load_address>0x8bd2</load_address>
         <run_address>0x8bd2</run_address>
         <size>0x1c</size>
         <input_file_ref idref="fl-16"/>
      </object_component>
      <object_component id="oc-354">
         <name>.text:_Z20I2C_setTargetAddressmj</name>
         <load_address>0x8bee</load_address>
         <run_address>0x8bee</run_address>
         <size>0x1b</size>
         <input_file_ref idref="fl-7"/>
      </object_component>
      <object_component id="oc-f9">
         <name>.text:main</name>
         <load_address>0x8c09</load_address>
         <run_address>0x8c09</run_address>
         <size>0x1b</size>
         <input_file_ref idref="fl-4"/>
      </object_component>
      <object_component id="oc-198">
         <name>.text:SysCtl_getLowSpeedClock</name>
         <load_address>0x8c24</load_address>
         <run_address>0x8c24</run_address>
         <size>0x1a</size>
         <input_file_ref idref="fl-16"/>
      </object_component>
      <object_component id="oc-35a">
         <name>.text:_Z13I2C_setConfigmj</name>
         <load_address>0x8c3e</load_address>
         <run_address>0x8c3e</run_address>
         <size>0x1a</size>
         <input_file_ref idref="fl-7"/>
      </object_component>
      <object_component id="oc-1f4">
         <name>.text:_Z18I2C_setAddressModem15I2C_AddressMode</name>
         <load_address>0x8c58</load_address>
         <run_address>0x8c58</run_address>
         <size>0x1a</size>
         <input_file_ref idref="fl-7"/>
      </object_component>
      <object_component id="oc-1fa">
         <name>.text:_Z20I2C_setEmulationModem17I2C_EmulationMode</name>
         <load_address>0x8c72</load_address>
         <run_address>0x8c72</run_address>
         <size>0x1a</size>
         <input_file_ref idref="fl-7"/>
      </object_component>
      <object_component id="oc-3ac">
         <name>.text:_Z13I2C_isBusBusym</name>
         <load_address>0x8c8c</load_address>
         <run_address>0x8c8c</run_address>
         <size>0x19</size>
         <input_file_ref idref="fl-7"/>
      </object_component>
      <object_component id="oc-200">
         <name>.text:_Z14I2C_enableFIFOm</name>
         <load_address>0x8ca5</load_address>
         <run_address>0x8ca5</run_address>
         <size>0x18</size>
         <input_file_ref idref="fl-7"/>
      </object_component>
      <object_component id="oc-34e">
         <name>.text:_Z15I2C_disableFIFOm</name>
         <load_address>0x8cbd</load_address>
         <run_address>0x8cbd</run_address>
         <size>0x18</size>
         <input_file_ref idref="fl-7"/>
      </object_component>
      <object_component id="oc-271">
         <name>.text:SysCtl_enablePeripheral</name>
         <load_address>0x8cd5</load_address>
         <run_address>0x8cd5</run_address>
         <size>0x17</size>
         <input_file_ref idref="fl-5"/>
      </object_component>
      <object_component id="oc-2eb">
         <name>.text:SysCtl_enablePeripheral</name>
         <load_address>0x8cec</load_address>
         <run_address>0x8cec</run_address>
         <size>0x17</size>
         <input_file_ref idref="fl-16"/>
      </object_component>
      <object_component id="oc-37e">
         <name>.text:_ZN34_GLOBAL__N__10_hw_i2c_cpp_842102a911WaitForStopEv</name>
         <load_address>0x8d03</load_address>
         <run_address>0x8d03</run_address>
         <size>0x17</size>
         <input_file_ref idref="fl-7"/>
      </object_component>
      <object_component id="oc-348">
         <name>.text:_ZN34_GLOBAL__N__10_hw_i2c_cpp_842102a914WaitForBusFreeEv</name>
         <load_address>0x8d1a</load_address>
         <run_address>0x8d1a</run_address>
         <size>0x17</size>
         <input_file_ref idref="fl-7"/>
      </object_component>
      <object_component id="oc-77">
         <name>.text</name>
         <load_address>0x8d31</load_address>
         <run_address>0x8d31</run_address>
         <size>0x17</size>
         <input_file_ref idref="fl-22"/>
      </object_component>
      <object_component id="oc-309">
         <name>.text:DCC_disableDoneSignal</name>
         <load_address>0x8d48</load_address>
         <run_address>0x8d48</run_address>
         <size>0x16</size>
         <input_file_ref idref="fl-16"/>
      </object_component>
      <object_component id="oc-32d">
         <name>.text:DCC_enableDoneSignal</name>
         <load_address>0x8d5e</load_address>
         <run_address>0x8d5e</run_address>
         <size>0x16</size>
         <input_file_ref idref="fl-16"/>
      </object_component>
      <object_component id="oc-26">
         <name>.text:Interrupt_defaultHandler</name>
         <load_address>0x8d74</load_address>
         <run_address>0x8d74</run_address>
         <size>0x16</size>
         <input_file_ref idref="fl-15"/>
      </object_component>
      <object_component id="oc-3bf">
         <name>.text:_Z19I2C_getTxFIFOStatusm</name>
         <load_address>0x8d8a</load_address>
         <run_address>0x8d8a</run_address>
         <size>0x16</size>
         <input_file_ref idref="fl-7"/>
      </object_component>
      <object_component id="oc-3c7">
         <name>.text:_Z26I2C_getStopConditionStatusm</name>
         <load_address>0x8da0</load_address>
         <run_address>0x8da0</run_address>
         <size>0x16</size>
         <input_file_ref idref="fl-7"/>
      </object_component>
      <object_component id="oc-2f7">
         <name>.text:DCC_clearDoneFlag</name>
         <load_address>0x8db6</load_address>
         <run_address>0x8db6</run_address>
         <size>0x15</size>
         <input_file_ref idref="fl-16"/>
      </object_component>
      <object_component id="oc-2f1">
         <name>.text:DCC_clearErrorFlag</name>
         <load_address>0x8dcb</load_address>
         <run_address>0x8dcb</run_address>
         <size>0x15</size>
         <input_file_ref idref="fl-16"/>
      </object_component>
      <object_component id="oc-303">
         <name>.text:DCC_disableErrorSignal</name>
         <load_address>0x8de0</load_address>
         <run_address>0x8de0</run_address>
         <size>0x15</size>
         <input_file_ref idref="fl-16"/>
      </object_component>
      <object_component id="oc-327">
         <name>.text:DCC_enableErrorSignal</name>
         <load_address>0x8df5</load_address>
         <run_address>0x8df5</run_address>
         <size>0x15</size>
         <input_file_ref idref="fl-16"/>
      </object_component>
      <object_component id="oc-1c4">
         <name>.text:GPIO_unlockPortConfig</name>
         <load_address>0x8e0a</load_address>
         <run_address>0x8e0a</run_address>
         <size>0x15</size>
         <input_file_ref idref="fl-5"/>
      </object_component>
      <object_component id="oc-2fd">
         <name>.text:DCC_disableModule</name>
         <load_address>0x8e1f</load_address>
         <run_address>0x8e1f</run_address>
         <size>0x14</size>
         <input_file_ref idref="fl-16"/>
      </object_component>
      <object_component id="oc-333">
         <name>.text:DCC_enableModule</name>
         <load_address>0x8e33</load_address>
         <run_address>0x8e33</run_address>
         <size>0x14</size>
         <input_file_ref idref="fl-16"/>
      </object_component>
      <object_component id="oc-279">
         <name>.text:GPIO_isPinValid</name>
         <load_address>0x8e47</load_address>
         <run_address>0x8e47</run_address>
         <size>0x14</size>
         <input_file_ref idref="fl-13"/>
      </object_component>
      <object_component id="oc-19e">
         <name>.text:SysCtl_deviceCal</name>
         <load_address>0x8e5b</load_address>
         <run_address>0x8e5b</run_address>
         <size>0x14</size>
         <input_file_ref idref="fl-5"/>
      </object_component>
      <object_component id="oc-366">
         <name>.text:_Z11I2C_putDatamj</name>
         <load_address>0x8e6f</load_address>
         <run_address>0x8e6f</run_address>
         <size>0x14</size>
         <input_file_ref idref="fl-7"/>
      </object_component>
      <object_component id="oc-223">
         <name>.text:_ZN37_GLOBAL__N__13_meter_lcd_cpp_4b68d83c11SendCommandEj</name>
         <load_address>0x8e83</load_address>
         <run_address>0x8e83</run_address>
         <size>0x14</size>
         <input_file_ref idref="fl-8"/>
      </object_component>
      <object_component id="oc-21d">
         <name>.text:_ZN37_GLOBAL__N__13_meter_lcd_cpp_4b68d83c9MakeIcsetEjb</name>
         <load_address>0x8e97</load_address>
         <run_address>0x8e97</run_address>
         <size>0x14</size>
         <input_file_ref idref="fl-8"/>
      </object_component>
      <object_component id="oc-212">
         <name>.text:_Z16I2C_enableModulem</name>
         <load_address>0x8eab</load_address>
         <run_address>0x8eab</run_address>
         <size>0x13</size>
         <input_file_ref idref="fl-7"/>
      </object_component>
      <object_component id="oc-1e8">
         <name>.text:_Z17I2C_disableModulem</name>
         <load_address>0x8ebe</load_address>
         <run_address>0x8ebe</run_address>
         <size>0x13</size>
         <input_file_ref idref="fl-7"/>
      </object_component>
      <object_component id="oc-378">
         <name>.text:_Z21I2C_sendStopConditionm</name>
         <load_address>0x8ed1</load_address>
         <run_address>0x8ed1</run_address>
         <size>0x13</size>
         <input_file_ref idref="fl-7"/>
      </object_component>
      <object_component id="oc-36c">
         <name>.text:_Z22I2C_sendStartConditionm</name>
         <load_address>0x8ee4</load_address>
         <run_address>0x8ee4</run_address>
         <size>0x13</size>
         <input_file_ref idref="fl-7"/>
      </object_component>
      <object_component id="oc-20c">
         <name>.text:_Z15I2C_clearStatusmj</name>
         <load_address>0x8ef7</load_address>
         <run_address>0x8ef7</run_address>
         <size>0x12</size>
         <input_file_ref idref="fl-7"/>
      </object_component>
      <object_component id="oc-360">
         <name>.text:_Z16I2C_setDataCountmj</name>
         <load_address>0x8f09</load_address>
         <run_address>0x8f09</run_address>
         <size>0x12</size>
         <input_file_ref idref="fl-7"/>
      </object_component>
      <object_component id="oc-128">
         <name>.text:Device_initGPIO</name>
         <load_address>0x8f1b</load_address>
         <run_address>0x8f1b</run_address>
         <size>0x10</size>
         <input_file_ref idref="fl-5"/>
      </object_component>
      <object_component id="oc-3b9">
         <name>.text:_Z13I2C_getStatusm</name>
         <load_address>0x8f2b</load_address>
         <run_address>0x8f2b</run_address>
         <size>0x10</size>
         <input_file_ref idref="fl-7"/>
      </object_component>
      <object_component id="oc-1aa">
         <name>.text:ASysCtl_disableDCDC</name>
         <load_address>0x8f3b</load_address>
         <run_address>0x8f3b</run_address>
         <size>0xf</size>
         <input_file_ref idref="fl-5"/>
      </object_component>
      <object_component id="oc-29a">
         <name>.text:I2C_isBaseValid</name>
         <load_address>0x8f4a</load_address>
         <run_address>0x8f4a</run_address>
         <size>0xf</size>
         <input_file_ref idref="fl-14"/>
      </object_component>
      <object_component id="oc-1cb">
         <name>.text:Interrupt_disableGlobal</name>
         <load_address>0x8f59</load_address>
         <run_address>0x8f59</run_address>
         <size>0xd</size>
         <input_file_ref idref="fl-15"/>
      </object_component>
      <object_component id="oc-185">
         <name>.text:SysCtl_setLowSpeedClock</name>
         <load_address>0x8f66</load_address>
         <run_address>0x8f66</run_address>
         <size>0xd</size>
         <input_file_ref idref="fl-5"/>
      </object_component>
      <object_component id="oc-49">
         <name>.text:decompress:ZI:__TI_zero_init_nomemset</name>
         <load_address>0x8f73</load_address>
         <run_address>0x8f73</run_address>
         <size>0xd</size>
         <input_file_ref idref="fl-27"/>
      </object_component>
      <object_component id="oc-a6">
         <name>.text</name>
         <load_address>0x8f80</load_address>
         <run_address>0x8f80</run_address>
         <size>0xc</size>
         <input_file_ref idref="fl-2c"/>
      </object_component>
      <object_component id="oc-179">
         <name>.text:SysCtl_disableWatchdog</name>
         <load_address>0x8f8c</load_address>
         <run_address>0x8f8c</run_address>
         <size>0xb</size>
         <input_file_ref idref="fl-5"/>
      </object_component>
      <object_component id="oc-257">
         <name>.text:SysCtl_isMCDClockFailureDetected</name>
         <load_address>0x8f97</load_address>
         <run_address>0x8f97</run_address>
         <size>0xb</size>
         <input_file_ref idref="fl-16"/>
      </object_component>
      <object_component id="oc-292">
         <name>.text:_Z15I2C_isBaseValidm</name>
         <load_address>0x8fa2</load_address>
         <run_address>0x8fa2</run_address>
         <size>0xb</size>
         <input_file_ref idref="fl-7"/>
      </object_component>
      <object_component id="oc-2ce">
         <name>.text:_ZN37_GLOBAL__N__13_meter_lcd_cpp_4b68d83c15IsValidLocationERKNS_15SegmentLocationE</name>
         <load_address>0x8fad</load_address>
         <run_address>0x8fad</run_address>
         <size>0xb</size>
         <input_file_ref idref="fl-8"/>
      </object_component>
      <object_component id="oc-ba">
         <name>.text:_ZN37_GLOBAL__N__13_meter_lcd_cpp_4b68d83c20IsMappedSegmentLabelEj</name>
         <load_address>0x8fb8</load_address>
         <run_address>0x8fb8</run_address>
         <size>0xb</size>
         <input_file_ref idref="fl-8"/>
      </object_component>
      <object_component id="oc-32">
         <name>.text:Interrupt_illegalOperationHandler</name>
         <load_address>0x8fc3</load_address>
         <run_address>0x8fc3</run_address>
         <size>0xa</size>
         <input_file_ref idref="fl-15"/>
      </object_component>
      <object_component id="oc-38">
         <name>.text:Interrupt_nmiHandler</name>
         <load_address>0x8fcd</load_address>
         <run_address>0x8fcd</run_address>
         <size>0xa</size>
         <input_file_ref idref="fl-15"/>
      </object_component>
      <object_component id="oc-166">
         <name>.text</name>
         <load_address>0x8fd7</load_address>
         <run_address>0x8fd7</run_address>
         <size>0x9</size>
         <input_file_ref idref="fl-2b"/>
      </object_component>
      <object_component id="oc-19">
         <name>.text:decompress:none</name>
         <load_address>0x8fe0</load_address>
         <run_address>0x8fe0</run_address>
         <size>0x8</size>
         <input_file_ref idref="fl-28"/>
      </object_component>
      <object_component id="oc-55">
         <name>.text</name>
         <load_address>0x8fe8</load_address>
         <run_address>0x8fe8</run_address>
         <size>0x8</size>
         <input_file_ref idref="fl-6"/>
      </object_component>
      <object_component id="oc-391">
         <name>.text:SysCtl_resetMCD</name>
         <load_address>0x8ff0</load_address>
         <run_address>0x8ff0</run_address>
         <size>0x7</size>
         <input_file_ref idref="fl-16"/>
      </object_component>
      <object_component id="oc-229">
         <name>.text:_ZN8MeterLcd5ClearEv</name>
         <load_address>0x8ff7</load_address>
         <run_address>0x8ff7</run_address>
         <size>0x7</size>
         <input_file_ref idref="fl-8"/>
      </object_component>
      <object_component id="oc-9f">
         <name>.text</name>
         <load_address>0x8ffe</load_address>
         <run_address>0x8ffe</run_address>
         <size>0x2</size>
         <input_file_ref idref="fl-25"/>
      </object_component>
      <object_component id="oc-2bc">
         <name>.text:_ZN8MeterLcd7RefreshEv</name>
         <load_address>0x9000</load_address>
         <run_address>0x9000</run_address>
         <size>0x7</size>
         <input_file_ref idref="fl-8"/>
      </object_component>
      <object_component id="oc-192">
         <name>.text:__error__</name>
         <load_address>0x9007</load_address>
         <run_address>0x9007</run_address>
         <size>0x7</size>
         <input_file_ref idref="fl-5"/>
      </object_component>
      <object_component id="oc-2af">
         <name>.text:_ZN37_GLOBAL__N__13_meter_lcd_cpp_4b68d83c11MakeCommandEj</name>
         <load_address>0x900e</load_address>
         <run_address>0x900e</run_address>
         <size>0x6</size>
         <input_file_ref idref="fl-8"/>
      </object_component>
      <object_component id="oc-134">
         <name>.text:Board_init</name>
         <load_address>0x9014</load_address>
         <run_address>0x9014</run_address>
         <size>0x5</size>
         <input_file_ref idref="fl-2"/>
      </object_component>
      <object_component id="oc-159">
         <name>.text:_Z1Vv</name>
         <load_address>0x9019</load_address>
         <run_address>0x9019</run_address>
         <size>0x5</size>
         <input_file_ref idref="fl-4"/>
      </object_component>
      <object_component id="oc-153">
         <name>.text:_Z1kv</name>
         <load_address>0x901e</load_address>
         <run_address>0x901e</run_address>
         <size>0x5</size>
         <input_file_ref idref="fl-4"/>
      </object_component>
      <object_component id="oc-1d2">
         <name>.text:PinMux_init</name>
         <load_address>0x9023</load_address>
         <run_address>0x9023</run_address>
         <size>0x1</size>
         <input_file_ref idref="fl-2"/>
      </object_component>
      <object_component id="oc-10d">
         <name>.text</name>
         <load_address>0x9024</load_address>
         <run_address>0x9024</run_address>
         <size>0x1</size>
         <input_file_ref idref="fl-2f"/>
      </object_component>
      <object_component id="oc-3fe">
         <name>.cinit..data.load</name>
         <load_address>0xfc</load_address>
         <run_address>0xfc</run_address>
         <size>0x8</size>
      </object_component>
      <object_component id="oc-3fb">
         <name>__TI_handler_table</name>
         <load_address>0x104</load_address>
         <run_address>0x104</run_address>
         <size>0x6</size>
      </object_component>
      <object_component id="oc-3fd">
         <name>.cinit..bss.load</name>
         <load_address>0x10a</load_address>
         <run_address>0x10a</run_address>
         <size>0x4</size>
      </object_component>
      <object_component id="oc-3fc">
         <name>__TI_cinit_table</name>
         <load_address>0x10e</load_address>
         <run_address>0x10e</run_address>
         <size>0x8</size>
      </object_component>
      <object_component id="oc-3e">
         <name>.stack</name>
         <uninitialized>true</uninitialized>
         <run_address>0x400</run_address>
         <size>0x0</size>
         <input_file_ref idref="fl-22"/>
      </object_component>
      <object_component id="oc-400">
         <name>.stack</name>
         <uninitialized>true</uninitialized>
         <run_address>0x400</run_address>
         <size>0x0</size>
      </object_component>
      <object_component id="oc-21a">
         <name>.bss:_ZN37_GLOBAL__N__13_meter_lcd_cpp_4b68d83c11gDisplayRamE</name>
         <uninitialized>true</uninitialized>
         <run_address>0xab1e</run_address>
         <size>0x30</size>
         <input_file_ref idref="fl-8"/>
      </object_component>
      <object_component id="oc-86">
         <name>.bss:_ZN37_GLOBAL__N__13_meter_lcd_cpp_4b68d83c16kGlassSegmentMapE</name>
         <uninitialized>true</uninitialized>
         <run_address>0xaab0</run_address>
         <size>0x6e</size>
         <input_file_ref idref="fl-8"/>
      </object_component>
      <object_component id="oc-7d">
         <name>.bss:_ZN37_GLOBAL__N__13_meter_lcd_cpp_4b68d83c9kDigitMapE</name>
         <uninitialized>true</uninitialized>
         <run_address>0xaa30</run_address>
         <size>0x80</size>
         <input_file_ref idref="fl-8"/>
      </object_component>
      <object_component id="oc-25">
         <name>.init_array</name>
         <load_address>0xfa</load_address>
         <run_address>0xfa</run_address>
         <size>0x2</size>
         <input_file_ref idref="fl-8"/>
      </object_component>
      <object_component id="oc-3ff">
         <name>__TI_INITARRAY_Limit</name>
         <load_address>0xfc</load_address>
         <run_address>0xfc</run_address>
         <size>0x0</size>
      </object_component>
      <object_component id="oc-256">
         <name>.const:.string</name>
         <load_address>0xa800</load_address>
         <run_address>0xa800</run_address>
         <size>0x9a</size>
         <input_file_ref idref="fl-16"/>
      </object_component>
      <object_component id="oc-27f">
         <name>.const:.string</name>
         <load_address>0xa89a</load_address>
         <run_address>0xa89a</run_address>
         <size>0x98</size>
         <input_file_ref idref="fl-13"/>
      </object_component>
      <object_component id="oc-191">
         <name>.const:.string</name>
         <load_address>0xa932</load_address>
         <run_address>0xa932</run_address>
         <size>0x59</size>
         <input_file_ref idref="fl-5"/>
      </object_component>
      <object_component id="oc-2a0">
         <name>.const:.string</name>
         <load_address>0xa98c</load_address>
         <run_address>0xa98c</run_address>
         <size>0x4b</size>
         <input_file_ref idref="fl-14"/>
      </object_component>
      <object_component id="oc-298">
         <name>.const:.string</name>
         <load_address>0xa9d8</load_address>
         <run_address>0xa9d8</run_address>
         <size>0x43</size>
         <input_file_ref idref="fl-7"/>
      </object_component>
      <object_component id="oc-2c3">
         <name>.const:_ZN37_GLOBAL__N__13_meter_lcd_cpp_4b68d83c13kEncodedDigitE</name>
         <load_address>0xaa1b</load_address>
         <run_address>0xaa1b</run_address>
         <size>0xa</size>
         <input_file_ref idref="fl-8"/>
      </object_component>
      <object_component id="oc-14c">
         <name>.const:.string</name>
         <load_address>0xaa26</load_address>
         <run_address>0xaa26</run_address>
         <size>0x8</size>
         <input_file_ref idref="fl-4"/>
      </object_component>
      <object_component id="oc-89">
         <name>.const</name>
         <load_address>0xaa2e</load_address>
         <run_address>0xaa2e</run_address>
         <size>0x2</size>
         <input_file_ref idref="fl-8"/>
      </object_component>
      <object_component id="oc-101">
         <name>.data</name>
         <load_address>0xab4e</load_address>
         <run_address>0xab4e</run_address>
         <size>0x6</size>
         <input_file_ref idref="fl-2a"/>
      </object_component>
      <object_component id="oc-104">
         <name>.data:_lock</name>
         <load_address>0xab54</load_address>
         <run_address>0xab54</run_address>
         <size>0x2</size>
         <input_file_ref idref="fl-2b"/>
      </object_component>
      <object_component id="oc-248">
         <name>.data:_unlock</name>
         <load_address>0xab56</load_address>
         <run_address>0xab56</run_address>
         <size>0x2</size>
         <input_file_ref idref="fl-2b"/>
      </object_component>
      <object_component id="oc-1d9">
         <name>.debug_types</name>
         <load_address>0x0</load_address>
         <run_address>0x0</run_address>
         <size>0x2d9</size>
         <input_file_ref idref="fl-2"/>
      </object_component>
      <object_component id="oc-1db">
         <name>.debug_types</name>
         <load_address>0x0</load_address>
         <run_address>0x0</run_address>
         <size>0x0</size>
         <input_file_ref idref="fl-3"/>
      </object_component>
      <object_component id="oc-160">
         <name>.debug_types</name>
         <load_address>0x2d9</load_address>
         <run_address>0x2d9</run_address>
         <size>0x572</size>
         <input_file_ref idref="fl-4"/>
      </object_component>
      <object_component id="oc-1c3">
         <name>.debug_types</name>
         <load_address>0x84b</load_address>
         <run_address>0x84b</run_address>
         <size>0xdae</size>
         <input_file_ref idref="fl-5"/>
      </object_component>
      <object_component id="oc-219">
         <name>.debug_types</name>
         <load_address>0x15f9</load_address>
         <run_address>0x15f9</run_address>
         <size>0x731</size>
         <input_file_ref idref="fl-7"/>
      </object_component>
      <object_component id="oc-93">
         <name>.debug_types</name>
         <load_address>0x1d2a</load_address>
         <run_address>0x1d2a</run_address>
         <size>0x639</size>
         <input_file_ref idref="fl-8"/>
      </object_component>
      <object_component id="oc-281">
         <name>.debug_types</name>
         <load_address>0x2363</load_address>
         <run_address>0x2363</run_address>
         <size>0x3a8</size>
         <input_file_ref idref="fl-13"/>
      </object_component>
      <object_component id="oc-2a2">
         <name>.debug_types</name>
         <load_address>0x270b</load_address>
         <run_address>0x270b</run_address>
         <size>0x96</size>
         <input_file_ref idref="fl-14"/>
      </object_component>
      <object_component id="oc-62">
         <name>.debug_types</name>
         <load_address>0x0</load_address>
         <run_address>0x0</run_address>
         <size>0x0</size>
         <input_file_ref idref="fl-15"/>
      </object_component>
      <object_component id="oc-26b">
         <name>.debug_types</name>
         <load_address>0x27a1</load_address>
         <run_address>0x27a1</run_address>
         <size>0x1d4</size>
         <input_file_ref idref="fl-16"/>
      </object_component>
      <object_component id="oc-6a">
         <name>.debug_types</name>
         <load_address>0x2975</load_address>
         <run_address>0x2975</run_address>
         <size>0xe3</size>
         <input_file_ref idref="fl-24"/>
      </object_component>
      <object_component id="oc-c8">
         <name>.debug_types</name>
         <load_address>0x0</load_address>
         <run_address>0x0</run_address>
         <size>0x0</size>
         <input_file_ref idref="fl-25"/>
      </object_component>
      <object_component id="oc-114">
         <name>.debug_types</name>
         <load_address>0x2a58</load_address>
         <run_address>0x2a58</run_address>
         <size>0x4bd</size>
         <input_file_ref idref="fl-26"/>
      </object_component>
      <object_component id="oc-6f">
         <name>.debug_types</name>
         <load_address>0x2f15</load_address>
         <run_address>0x2f15</run_address>
         <size>0x194</size>
         <input_file_ref idref="fl-27"/>
      </object_component>
      <object_component id="oc-48">
         <name>.debug_types</name>
         <load_address>0x0</load_address>
         <run_address>0x0</run_address>
         <size>0x0</size>
         <input_file_ref idref="fl-28"/>
      </object_component>
      <object_component id="oc-40">
         <name>.debug_types</name>
         <load_address>0x30a9</load_address>
         <run_address>0x30a9</run_address>
         <size>0x191</size>
         <input_file_ref idref="fl-29"/>
      </object_component>
      <object_component id="oc-108">
         <name>.debug_types</name>
         <load_address>0x323a</load_address>
         <run_address>0x323a</run_address>
         <size>0xbf</size>
         <input_file_ref idref="fl-2a"/>
      </object_component>
      <object_component id="oc-16e">
         <name>.debug_types</name>
         <load_address>0x32f9</load_address>
         <run_address>0x32f9</run_address>
         <size>0x2f</size>
         <input_file_ref idref="fl-2b"/>
      </object_component>
      <object_component id="oc-100">
         <name>.debug_types</name>
         <load_address>0x3328</load_address>
         <run_address>0x3328</run_address>
         <size>0xe1</size>
         <input_file_ref idref="fl-2c"/>
      </object_component>
      <object_component id="oc-173">
         <name>.debug_types</name>
         <load_address>0x0</load_address>
         <run_address>0x0</run_address>
         <size>0x0</size>
         <input_file_ref idref="fl-2f"/>
      </object_component>
      <object_component id="oc-135">
         <name>.debug_info</name>
         <load_address>0x0</load_address>
         <run_address>0x0</run_address>
         <size>0x112</size>
         <input_file_ref idref="fl-2"/>
      </object_component>
      <object_component id="oc-1d3">
         <name>.debug_info</name>
         <load_address>0x112</load_address>
         <run_address>0x112</run_address>
         <size>0x103</size>
         <input_file_ref idref="fl-2"/>
      </object_component>
      <object_component id="oc-13e">
         <name>.debug_info</name>
         <load_address>0x215</load_address>
         <run_address>0x215</run_address>
         <size>0x139</size>
         <input_file_ref idref="fl-3"/>
      </object_component>
      <object_component id="oc-154">
         <name>.debug_info</name>
         <load_address>0x34e</load_address>
         <run_address>0x34e</run_address>
         <size>0x12c</size>
         <input_file_ref idref="fl-4"/>
      </object_component>
      <object_component id="oc-15a">
         <name>.debug_info</name>
         <load_address>0x47a</load_address>
         <run_address>0x47a</run_address>
         <size>0x12c</size>
         <input_file_ref idref="fl-4"/>
      </object_component>
      <object_component id="oc-fa">
         <name>.debug_info</name>
         <load_address>0x5a6</load_address>
         <run_address>0x5a6</run_address>
         <size>0x1e0</size>
         <input_file_ref idref="fl-4"/>
      </object_component>
      <object_component id="oc-1a0">
         <name>.debug_info</name>
         <load_address>0x786</load_address>
         <run_address>0x786</run_address>
         <size>0x14f</size>
         <input_file_ref idref="fl-5"/>
      </object_component>
      <object_component id="oc-274">
         <name>.debug_info</name>
         <load_address>0x8d5</load_address>
         <run_address>0x8d5</run_address>
         <size>0x1af</size>
         <input_file_ref idref="fl-5"/>
      </object_component>
      <object_component id="oc-188">
         <name>.debug_info</name>
         <load_address>0xa84</load_address>
         <run_address>0xa84</run_address>
         <size>0x183</size>
         <input_file_ref idref="fl-5"/>
      </object_component>
      <object_component id="oc-17c">
         <name>.debug_info</name>
         <load_address>0xc07</load_address>
         <run_address>0xc07</run_address>
         <size>0x156</size>
         <input_file_ref idref="fl-5"/>
      </object_component>
      <object_component id="oc-1ac">
         <name>.debug_info</name>
         <load_address>0xd5d</load_address>
         <run_address>0xd5d</run_address>
         <size>0x163</size>
         <input_file_ref idref="fl-5"/>
      </object_component>
      <object_component id="oc-1c7">
         <name>.debug_info</name>
         <load_address>0xec0</load_address>
         <run_address>0xec0</run_address>
         <size>0x1b2</size>
         <input_file_ref idref="fl-5"/>
      </object_component>
      <object_component id="oc-123">
         <name>.debug_info</name>
         <load_address>0x1072</load_address>
         <run_address>0x1072</run_address>
         <size>0x28d</size>
         <input_file_ref idref="fl-5"/>
      </object_component>
      <object_component id="oc-1a6">
         <name>.debug_info</name>
         <load_address>0x12ff</load_address>
         <run_address>0x12ff</run_address>
         <size>0x7f7</size>
         <input_file_ref idref="fl-5"/>
      </object_component>
      <object_component id="oc-12b">
         <name>.debug_info</name>
         <load_address>0x1af6</load_address>
         <run_address>0x1af6</run_address>
         <size>0x165</size>
         <input_file_ref idref="fl-5"/>
      </object_component>
      <object_component id="oc-194">
         <name>.debug_info</name>
         <load_address>0x1c5b</load_address>
         <run_address>0x1c5b</run_address>
         <size>0x153</size>
         <input_file_ref idref="fl-5"/>
      </object_component>
      <object_component id="oc-21">
         <name>.debug_info</name>
         <load_address>0x1dae</load_address>
         <run_address>0x1dae</run_address>
         <size>0x106</size>
         <input_file_ref idref="fl-6"/>
      </object_component>
      <object_component id="oc-56">
         <name>.debug_info</name>
         <load_address>0x1eb4</load_address>
         <run_address>0x1eb4</run_address>
         <size>0x107</size>
         <input_file_ref idref="fl-6"/>
      </object_component>
      <object_component id="oc-293">
         <name>.debug_info</name>
         <load_address>0x1fbb</load_address>
         <run_address>0x1fbb</run_address>
         <size>0x169</size>
         <input_file_ref idref="fl-7"/>
      </object_component>
      <object_component id="oc-213">
         <name>.debug_info</name>
         <load_address>0x2124</load_address>
         <run_address>0x2124</run_address>
         <size>0x18c</size>
         <input_file_ref idref="fl-7"/>
      </object_component>
      <object_component id="oc-1e9">
         <name>.debug_info</name>
         <load_address>0x22b0</load_address>
         <run_address>0x22b0</run_address>
         <size>0x18e</size>
         <input_file_ref idref="fl-7"/>
      </object_component>
      <object_component id="oc-201">
         <name>.debug_info</name>
         <load_address>0x243e</load_address>
         <run_address>0x243e</run_address>
         <size>0x188</size>
         <input_file_ref idref="fl-7"/>
      </object_component>
      <object_component id="oc-34f">
         <name>.debug_info</name>
         <load_address>0x25c6</load_address>
         <run_address>0x25c6</run_address>
         <size>0x18a</size>
         <input_file_ref idref="fl-7"/>
      </object_component>
      <object_component id="oc-207">
         <name>.debug_info</name>
         <load_address>0x2750</load_address>
         <run_address>0x2750</run_address>
         <size>0x1fe</size>
         <input_file_ref idref="fl-7"/>
      </object_component>
      <object_component id="oc-3c0">
         <name>.debug_info</name>
         <load_address>0x294e</load_address>
         <run_address>0x294e</run_address>
         <size>0x1a4</size>
         <input_file_ref idref="fl-7"/>
      </object_component>
      <object_component id="oc-355">
         <name>.debug_info</name>
         <load_address>0x2af2</load_address>
         <run_address>0x2af2</run_address>
         <size>0x1c9</size>
         <input_file_ref idref="fl-7"/>
      </object_component>
      <object_component id="oc-3ae">
         <name>.debug_info</name>
         <load_address>0x2cbb</load_address>
         <run_address>0x2cbb</run_address>
         <size>0x18e</size>
         <input_file_ref idref="fl-7"/>
      </object_component>
      <object_component id="oc-3bb">
         <name>.debug_info</name>
         <load_address>0x2e49</load_address>
         <run_address>0x2e49</run_address>
         <size>0x186</size>
         <input_file_ref idref="fl-7"/>
      </object_component>
      <object_component id="oc-20e">
         <name>.debug_info</name>
         <load_address>0x2fcf</load_address>
         <run_address>0x2fcf</run_address>
         <size>0x1ac</size>
         <input_file_ref idref="fl-7"/>
      </object_component>
      <object_component id="oc-35d">
         <name>.debug_info</name>
         <load_address>0x317b</load_address>
         <run_address>0x317b</run_address>
         <size>0x1a4</size>
         <input_file_ref idref="fl-7"/>
      </object_component>
      <object_component id="oc-36e">
         <name>.debug_info</name>
         <load_address>0x331f</load_address>
         <run_address>0x331f</run_address>
         <size>0x198</size>
         <input_file_ref idref="fl-7"/>
      </object_component>
      <object_component id="oc-37a">
         <name>.debug_info</name>
         <load_address>0x34b7</load_address>
         <run_address>0x34b7</run_address>
         <size>0x196</size>
         <input_file_ref idref="fl-7"/>
      </object_component>
      <object_component id="oc-368">
         <name>.debug_info</name>
         <load_address>0x364d</load_address>
         <run_address>0x364d</run_address>
         <size>0x19c</size>
         <input_file_ref idref="fl-7"/>
      </object_component>
      <object_component id="oc-3c9">
         <name>.debug_info</name>
         <load_address>0x37e9</load_address>
         <run_address>0x37e9</run_address>
         <size>0x1a8</size>
         <input_file_ref idref="fl-7"/>
      </object_component>
      <object_component id="oc-362">
         <name>.debug_info</name>
         <load_address>0x3991</load_address>
         <run_address>0x3991</run_address>
         <size>0x1a8</size>
         <input_file_ref idref="fl-7"/>
      </object_component>
      <object_component id="oc-1f6">
         <name>.debug_info</name>
         <load_address>0x3b39</load_address>
         <run_address>0x3b39</run_address>
         <size>0x1ba</size>
         <input_file_ref idref="fl-7"/>
      </object_component>
      <object_component id="oc-1fc">
         <name>.debug_info</name>
         <load_address>0x3cf3</load_address>
         <run_address>0x3cf3</run_address>
         <size>0x1c0</size>
         <input_file_ref idref="fl-7"/>
      </object_component>
      <object_component id="oc-142">
         <name>.debug_info</name>
         <load_address>0x3eb3</load_address>
         <run_address>0x3eb3</run_address>
         <size>0x2c8</size>
         <input_file_ref idref="fl-7"/>
      </object_component>
      <object_component id="oc-2b8">
         <name>.debug_info</name>
         <load_address>0x417b</load_address>
         <run_address>0x417b</run_address>
         <size>0x413</size>
         <input_file_ref idref="fl-7"/>
      </object_component>
      <object_component id="oc-34c">
         <name>.debug_info</name>
         <load_address>0x458e</load_address>
         <run_address>0x458e</run_address>
         <size>0x16c</size>
         <input_file_ref idref="fl-7"/>
      </object_component>
      <object_component id="oc-376">
         <name>.debug_info</name>
         <load_address>0x46fa</load_address>
         <run_address>0x46fa</run_address>
         <size>0x1cd</size>
         <input_file_ref idref="fl-7"/>
      </object_component>
      <object_component id="oc-381">
         <name>.debug_info</name>
         <load_address>0x48c7</load_address>
         <run_address>0x48c7</run_address>
         <size>0x173</size>
         <input_file_ref idref="fl-7"/>
      </object_component>
      <object_component id="oc-8a">
         <name>.debug_info</name>
         <load_address>0x4a3a</load_address>
         <run_address>0x4a3a</run_address>
         <size>0x117</size>
         <input_file_ref idref="fl-8"/>
      </object_component>
      <object_component id="oc-2c4">
         <name>.debug_info</name>
         <load_address>0x4b51</load_address>
         <run_address>0x4b51</run_address>
         <size>0x11d</size>
         <input_file_ref idref="fl-8"/>
      </object_component>
      <object_component id="oc-21b">
         <name>.debug_info</name>
         <load_address>0x4c6e</load_address>
         <run_address>0x4c6e</run_address>
         <size>0x119</size>
         <input_file_ref idref="fl-8"/>
      </object_component>
      <object_component id="oc-87">
         <name>.debug_info</name>
         <load_address>0x4d87</load_address>
         <run_address>0x4d87</run_address>
         <size>0x123</size>
         <input_file_ref idref="fl-8"/>
      </object_component>
      <object_component id="oc-7e">
         <name>.debug_info</name>
         <load_address>0x4eaa</load_address>
         <run_address>0x4eaa</run_address>
         <size>0x114</size>
         <input_file_ref idref="fl-8"/>
      </object_component>
      <object_component id="oc-147">
         <name>.debug_info</name>
         <load_address>0x4fbe</load_address>
         <run_address>0x4fbe</run_address>
         <size>0x35d</size>
         <input_file_ref idref="fl-8"/>
      </object_component>
      <object_component id="oc-22a">
         <name>.debug_info</name>
         <load_address>0x531b</load_address>
         <run_address>0x531b</run_address>
         <size>0x136</size>
         <input_file_ref idref="fl-8"/>
      </object_component>
      <object_component id="oc-2be">
         <name>.debug_info</name>
         <load_address>0x5451</load_address>
         <run_address>0x5451</run_address>
         <size>0x13f</size>
         <input_file_ref idref="fl-8"/>
      </object_component>
      <object_component id="oc-237">
         <name>.debug_info</name>
         <load_address>0x5590</load_address>
         <run_address>0x5590</run_address>
         <size>0x22a</size>
         <input_file_ref idref="fl-8"/>
      </object_component>
      <object_component id="oc-23e">
         <name>.debug_info</name>
         <load_address>0x57ba</load_address>
         <run_address>0x57ba</run_address>
         <size>0x225</size>
         <input_file_ref idref="fl-8"/>
      </object_component>
      <object_component id="oc-2d5">
         <name>.debug_info</name>
         <load_address>0x59df</load_address>
         <run_address>0x59df</run_address>
         <size>0x1aa</size>
         <input_file_ref idref="fl-8"/>
      </object_component>
      <object_component id="oc-14e">
         <name>.debug_info</name>
         <load_address>0x5b89</load_address>
         <run_address>0x5b89</run_address>
         <size>0x1be</size>
         <input_file_ref idref="fl-8"/>
      </object_component>
      <object_component id="oc-2b1">
         <name>.debug_info</name>
         <load_address>0x5d47</load_address>
         <run_address>0x5d47</run_address>
         <size>0x15a</size>
         <input_file_ref idref="fl-8"/>
      </object_component>
      <object_component id="oc-21f">
         <name>.debug_info</name>
         <load_address>0x5ea1</load_address>
         <run_address>0x5ea1</run_address>
         <size>0x18d</size>
         <input_file_ref idref="fl-8"/>
      </object_component>
      <object_component id="oc-2cf">
         <name>.debug_info</name>
         <load_address>0x602e</load_address>
         <run_address>0x602e</run_address>
         <size>0x182</size>
         <input_file_ref idref="fl-8"/>
      </object_component>
      <object_component id="oc-bc">
         <name>.debug_info</name>
         <load_address>0x61b0</load_address>
         <run_address>0x61b0</run_address>
         <size>0x17a</size>
         <input_file_ref idref="fl-8"/>
      </object_component>
      <object_component id="oc-8e">
         <name>.debug_info</name>
         <load_address>0x632a</load_address>
         <run_address>0x632a</run_address>
         <size>0x1f5</size>
         <input_file_ref idref="fl-8"/>
      </object_component>
      <object_component id="oc-81">
         <name>.debug_info</name>
         <load_address>0x651f</load_address>
         <run_address>0x651f</run_address>
         <size>0x3c7</size>
         <input_file_ref idref="fl-8"/>
      </object_component>
      <object_component id="oc-232">
         <name>.debug_info</name>
         <load_address>0x68e6</load_address>
         <run_address>0x68e6</run_address>
         <size>0x28c</size>
         <input_file_ref idref="fl-8"/>
      </object_component>
      <object_component id="oc-225">
         <name>.debug_info</name>
         <load_address>0x6b72</load_address>
         <run_address>0x6b72</run_address>
         <size>0x1f7</size>
         <input_file_ref idref="fl-8"/>
      </object_component>
      <object_component id="oc-2c8">
         <name>.debug_info</name>
         <load_address>0x6d69</load_address>
         <run_address>0x6d69</run_address>
         <size>0x1e4</size>
         <input_file_ref idref="fl-8"/>
      </object_component>
      <object_component id="oc-5d">
         <name>.debug_info</name>
         <load_address>0x6f4d</load_address>
         <run_address>0x6f4d</run_address>
         <size>0x1313</size>
         <input_file_ref idref="fl-8"/>
      </object_component>
      <object_component id="oc-27c">
         <name>.debug_info</name>
         <load_address>0x8260</load_address>
         <run_address>0x8260</run_address>
         <size>0x1cf</size>
         <input_file_ref idref="fl-13"/>
      </object_component>
      <object_component id="oc-1b9">
         <name>.debug_info</name>
         <load_address>0x842f</load_address>
         <run_address>0x842f</run_address>
         <size>0x247</size>
         <input_file_ref idref="fl-13"/>
      </object_component>
      <object_component id="oc-1b2">
         <name>.debug_info</name>
         <load_address>0x8676</load_address>
         <run_address>0x8676</run_address>
         <size>0x230</size>
         <input_file_ref idref="fl-13"/>
      </object_component>
      <object_component id="oc-1e4">
         <name>.debug_info</name>
         <load_address>0x88a6</load_address>
         <run_address>0x88a6</run_address>
         <size>0x278</size>
         <input_file_ref idref="fl-13"/>
      </object_component>
      <object_component id="oc-1bf">
         <name>.debug_info</name>
         <load_address>0x8b1e</load_address>
         <run_address>0x8b1e</run_address>
         <size>0x22c</size>
         <input_file_ref idref="fl-13"/>
      </object_component>
      <object_component id="oc-1de">
         <name>.debug_info</name>
         <load_address>0x8d4a</load_address>
         <run_address>0x8d4a</run_address>
         <size>0x219</size>
         <input_file_ref idref="fl-13"/>
      </object_component>
      <object_component id="oc-29e">
         <name>.debug_info</name>
         <load_address>0x8f63</load_address>
         <run_address>0x8f63</run_address>
         <size>0x1d1</size>
         <input_file_ref idref="fl-14"/>
      </object_component>
      <object_component id="oc-1f0">
         <name>.debug_info</name>
         <load_address>0x9134</load_address>
         <run_address>0x9134</run_address>
         <size>0x293</size>
         <input_file_ref idref="fl-14"/>
      </object_component>
      <object_component id="oc-1cf">
         <name>.debug_info</name>
         <load_address>0x93c7</load_address>
         <run_address>0x93c7</run_address>
         <size>0x1ca</size>
         <input_file_ref idref="fl-15"/>
      </object_component>
      <object_component id="oc-130">
         <name>.debug_info</name>
         <load_address>0x9591</load_address>
         <run_address>0x9591</run_address>
         <size>0x1d9</size>
         <input_file_ref idref="fl-15"/>
      </object_component>
      <object_component id="oc-27">
         <name>.debug_info</name>
         <load_address>0x976a</load_address>
         <run_address>0x976a</run_address>
         <size>0x1e6</size>
         <input_file_ref idref="fl-15"/>
      </object_component>
      <object_component id="oc-35">
         <name>.debug_info</name>
         <load_address>0x9950</load_address>
         <run_address>0x9950</run_address>
         <size>0x1cc</size>
         <input_file_ref idref="fl-15"/>
      </object_component>
      <object_component id="oc-3a">
         <name>.debug_info</name>
         <load_address>0x9b1c</load_address>
         <run_address>0x9b1c</run_address>
         <size>0x1b2</size>
         <input_file_ref idref="fl-15"/>
      </object_component>
      <object_component id="oc-2e">
         <name>.debug_info</name>
         <load_address>0x9cce</load_address>
         <run_address>0x9cce</run_address>
         <size>0x1d6</size>
         <input_file_ref idref="fl-15"/>
      </object_component>
      <object_component id="oc-2ec">
         <name>.debug_info</name>
         <load_address>0x9ea4</load_address>
         <run_address>0x9ea4</run_address>
         <size>0x215</size>
         <input_file_ref idref="fl-16"/>
      </object_component>
      <object_component id="oc-258">
         <name>.debug_info</name>
         <load_address>0xa0b9</load_address>
         <run_address>0xa0b9</run_address>
         <size>0x1d8</size>
         <input_file_ref idref="fl-16"/>
      </object_component>
      <object_component id="oc-392">
         <name>.debug_info</name>
         <load_address>0xa291</load_address>
         <run_address>0xa291</run_address>
         <size>0x1ae</size>
         <input_file_ref idref="fl-16"/>
      </object_component>
      <object_component id="oc-39b">
         <name>.debug_info</name>
         <load_address>0xa43f</load_address>
         <run_address>0xa43f</run_address>
         <size>0x1d2</size>
         <input_file_ref idref="fl-16"/>
      </object_component>
      <object_component id="oc-334">
         <name>.debug_info</name>
         <load_address>0xa611</load_address>
         <run_address>0xa611</run_address>
         <size>0x1f0</size>
         <input_file_ref idref="fl-16"/>
      </object_component>
      <object_component id="oc-2fe">
         <name>.debug_info</name>
         <load_address>0xa801</load_address>
         <run_address>0xa801</run_address>
         <size>0x1f2</size>
         <input_file_ref idref="fl-16"/>
      </object_component>
      <object_component id="oc-328">
         <name>.debug_info</name>
         <load_address>0xa9f3</load_address>
         <run_address>0xa9f3</run_address>
         <size>0x1fc</size>
         <input_file_ref idref="fl-16"/>
      </object_component>
      <object_component id="oc-32e">
         <name>.debug_info</name>
         <load_address>0xabef</load_address>
         <run_address>0xabef</run_address>
         <size>0x1fa</size>
         <input_file_ref idref="fl-16"/>
      </object_component>
      <object_component id="oc-304">
         <name>.debug_info</name>
         <load_address>0xade9</load_address>
         <run_address>0xade9</run_address>
         <size>0x1fe</size>
         <input_file_ref idref="fl-16"/>
      </object_component>
      <object_component id="oc-30a">
         <name>.debug_info</name>
         <load_address>0xafe7</load_address>
         <run_address>0xafe7</run_address>
         <size>0x1fc</size>
         <input_file_ref idref="fl-16"/>
      </object_component>
      <object_component id="oc-322">
         <name>.debug_info</name>
         <load_address>0xb1e3</load_address>
         <run_address>0xb1e3</run_address>
         <size>0x223</size>
         <input_file_ref idref="fl-16"/>
      </object_component>
      <object_component id="oc-2f2">
         <name>.debug_info</name>
         <load_address>0xb406</load_address>
         <run_address>0xb406</run_address>
         <size>0x1f6</size>
         <input_file_ref idref="fl-16"/>
      </object_component>
      <object_component id="oc-2f8">
         <name>.debug_info</name>
         <load_address>0xb5fc</load_address>
         <run_address>0xb5fc</run_address>
         <size>0x1f4</size>
         <input_file_ref idref="fl-16"/>
      </object_component>
      <object_component id="oc-316">
         <name>.debug_info</name>
         <load_address>0xb7f0</load_address>
         <run_address>0xb7f0</run_address>
         <size>0x227</size>
         <input_file_ref idref="fl-16"/>
      </object_component>
      <object_component id="oc-310">
         <name>.debug_info</name>
         <load_address>0xba17</load_address>
         <run_address>0xba17</run_address>
         <size>0x227</size>
         <input_file_ref idref="fl-16"/>
      </object_component>
      <object_component id="oc-31c">
         <name>.debug_info</name>
         <load_address>0xbc3e</load_address>
         <run_address>0xbc3e</run_address>
         <size>0x296</size>
         <input_file_ref idref="fl-16"/>
      </object_component>
      <object_component id="oc-38c">
         <name>.debug_info</name>
         <load_address>0xbed4</load_address>
         <run_address>0xbed4</run_address>
         <size>0x212</size>
         <input_file_ref idref="fl-16"/>
      </object_component>
      <object_component id="oc-18d">
         <name>.debug_info</name>
         <load_address>0xc0e6</load_address>
         <run_address>0xc0e6</run_address>
         <size>0x241</size>
         <input_file_ref idref="fl-16"/>
      </object_component>
      <object_component id="oc-182">
         <name>.debug_info</name>
         <load_address>0xc327</load_address>
         <run_address>0xc327</run_address>
         <size>0x31b</size>
         <input_file_ref idref="fl-16"/>
      </object_component>
      <object_component id="oc-2e1">
         <name>.debug_info</name>
         <load_address>0xc642</load_address>
         <run_address>0xc642</run_address>
         <size>0x24a</size>
         <input_file_ref idref="fl-16"/>
      </object_component>
      <object_component id="oc-2e7">
         <name>.debug_info</name>
         <load_address>0xc88c</load_address>
         <run_address>0xc88c</run_address>
         <size>0x21b</size>
         <input_file_ref idref="fl-16"/>
      </object_component>
      <object_component id="oc-25e">
         <name>.debug_info</name>
         <load_address>0xcaa7</load_address>
         <run_address>0xcaa7</run_address>
         <size>0x22f</size>
         <input_file_ref idref="fl-16"/>
      </object_component>
      <object_component id="oc-199">
         <name>.debug_info</name>
         <load_address>0xccd6</load_address>
         <run_address>0xccd6</run_address>
         <size>0x21b</size>
         <input_file_ref idref="fl-16"/>
      </object_component>
      <object_component id="oc-265">
         <name>.debug_info</name>
         <load_address>0xcef1</load_address>
         <run_address>0xcef1</run_address>
         <size>0x42e</size>
         <input_file_ref idref="fl-16"/>
      </object_component>
      <object_component id="oc-79">
         <name>.debug_info</name>
         <load_address>0xd31f</load_address>
         <run_address>0xd31f</run_address>
         <size>0x147</size>
         <input_file_ref idref="fl-22"/>
      </object_component>
      <object_component id="oc-45">
         <name>.debug_info</name>
         <load_address>0xd466</load_address>
         <run_address>0xd466</run_address>
         <size>0x18a</size>
         <input_file_ref idref="fl-24"/>
      </object_component>
      <object_component id="oc-a0">
         <name>.debug_info</name>
         <load_address>0xd5f0</load_address>
         <run_address>0xd5f0</run_address>
         <size>0x13c</size>
         <input_file_ref idref="fl-25"/>
      </object_component>
      <object_component id="oc-d2">
         <name>.debug_info</name>
         <load_address>0xd72c</load_address>
         <run_address>0xd72c</run_address>
         <size>0x1a3</size>
         <input_file_ref idref="fl-26"/>
      </object_component>
      <object_component id="oc-4a">
         <name>.debug_info</name>
         <load_address>0xd8cf</load_address>
         <run_address>0xd8cf</run_address>
         <size>0x1a5</size>
         <input_file_ref idref="fl-27"/>
      </object_component>
      <object_component id="oc-1d">
         <name>.debug_info</name>
         <load_address>0xda74</load_address>
         <run_address>0xda74</run_address>
         <size>0x1a6</size>
         <input_file_ref idref="fl-28"/>
      </object_component>
      <object_component id="oc-16">
         <name>.debug_info</name>
         <load_address>0xdc1a</load_address>
         <run_address>0xdc1a</run_address>
         <size>0x1fb</size>
         <input_file_ref idref="fl-29"/>
      </object_component>
      <object_component id="oc-102">
         <name>.debug_info</name>
         <load_address>0xde15</load_address>
         <run_address>0xde15</run_address>
         <size>0x18d</size>
         <input_file_ref idref="fl-2a"/>
      </object_component>
      <object_component id="oc-ad">
         <name>.debug_info</name>
         <load_address>0xdfa2</load_address>
         <run_address>0xdfa2</run_address>
         <size>0x198</size>
         <input_file_ref idref="fl-2a"/>
      </object_component>
      <object_component id="oc-105">
         <name>.debug_info</name>
         <load_address>0xe13a</load_address>
         <run_address>0xe13a</run_address>
         <size>0xf6</size>
         <input_file_ref idref="fl-2b"/>
      </object_component>
      <object_component id="oc-249">
         <name>.debug_info</name>
         <load_address>0xe230</load_address>
         <run_address>0xe230</run_address>
         <size>0xfa</size>
         <input_file_ref idref="fl-2b"/>
      </object_component>
      <object_component id="oc-167">
         <name>.debug_info</name>
         <load_address>0xe32a</load_address>
         <run_address>0xe32a</run_address>
         <size>0x1f2</size>
         <input_file_ref idref="fl-2b"/>
      </object_component>
      <object_component id="oc-a7">
         <name>.debug_info</name>
         <load_address>0xe51c</load_address>
         <run_address>0xe51c</run_address>
         <size>0x14c</size>
         <input_file_ref idref="fl-2c"/>
      </object_component>
      <object_component id="oc-10e">
         <name>.debug_info</name>
         <load_address>0xe668</load_address>
         <run_address>0xe668</run_address>
         <size>0x136</size>
         <input_file_ref idref="fl-2f"/>
      </object_component>
      <object_component id="oc-404">
         <name>.debug_info</name>
         <load_address>0xe79e</load_address>
         <run_address>0xe79e</run_address>
         <size>0xa6</size>
      </object_component>
      <object_component id="oc-138">
         <name>.debug_line</name>
         <load_address>0x0</load_address>
         <run_address>0x0</run_address>
         <size>0x48</size>
         <input_file_ref idref="fl-2"/>
      </object_component>
      <object_component id="oc-1d6">
         <name>.debug_line</name>
         <load_address>0x48</load_address>
         <run_address>0x48</run_address>
         <size>0x41</size>
         <input_file_ref idref="fl-2"/>
      </object_component>
      <object_component id="oc-28b">
         <name>.debug_line</name>
         <load_address>0x89</load_address>
         <run_address>0x89</run_address>
         <size>0x21</size>
         <input_file_ref idref="fl-2"/>
      </object_component>
      <object_component id="oc-13c">
         <name>.debug_line</name>
         <load_address>0xaa</load_address>
         <run_address>0xaa</run_address>
         <size>0x4f</size>
         <input_file_ref idref="fl-3"/>
      </object_component>
      <object_component id="oc-28e">
         <name>.debug_line</name>
         <load_address>0xf9</load_address>
         <run_address>0xf9</run_address>
         <size>0x21</size>
         <input_file_ref idref="fl-3"/>
      </object_component>
      <object_component id="oc-158">
         <name>.debug_line</name>
         <load_address>0x11a</load_address>
         <run_address>0x11a</run_address>
         <size>0x47</size>
         <input_file_ref idref="fl-4"/>
      </object_component>
      <object_component id="oc-15e">
         <name>.debug_line</name>
         <load_address>0x161</load_address>
         <run_address>0x161</run_address>
         <size>0x47</size>
         <input_file_ref idref="fl-4"/>
      </object_component>
      <object_component id="oc-fd">
         <name>.debug_line</name>
         <load_address>0x1a8</load_address>
         <run_address>0x1a8</run_address>
         <size>0x5a</size>
         <input_file_ref idref="fl-4"/>
      </object_component>
      <object_component id="oc-246">
         <name>.debug_line</name>
         <load_address>0x202</load_address>
         <run_address>0x202</run_address>
         <size>0x1c9</size>
         <input_file_ref idref="fl-4"/>
      </object_component>
      <object_component id="oc-1a3">
         <name>.debug_line</name>
         <load_address>0x3cb</load_address>
         <run_address>0x3cb</run_address>
         <size>0x82</size>
         <input_file_ref idref="fl-5"/>
      </object_component>
      <object_component id="oc-272">
         <name>.debug_line</name>
         <load_address>0x44d</load_address>
         <run_address>0x44d</run_address>
         <size>0x84</size>
         <input_file_ref idref="fl-5"/>
      </object_component>
      <object_component id="oc-186">
         <name>.debug_line</name>
         <load_address>0x4d1</load_address>
         <run_address>0x4d1</run_address>
         <size>0x82</size>
         <input_file_ref idref="fl-5"/>
      </object_component>
      <object_component id="oc-17b">
         <name>.debug_line</name>
         <load_address>0x553</load_address>
         <run_address>0x553</run_address>
         <size>0x83</size>
         <input_file_ref idref="fl-5"/>
      </object_component>
      <object_component id="oc-1af">
         <name>.debug_line</name>
         <load_address>0x5d6</load_address>
         <run_address>0x5d6</run_address>
         <size>0x88</size>
         <input_file_ref idref="fl-5"/>
      </object_component>
      <object_component id="oc-1c5">
         <name>.debug_line</name>
         <load_address>0x65e</load_address>
         <run_address>0x65e</run_address>
         <size>0x81</size>
         <input_file_ref idref="fl-5"/>
      </object_component>
[...]
         <used_space>0x0</used_space>
         <unused_space>0x1000</unused_space>
         <attributes>RWIX</attributes>
         <usage_details>
         </usage_details>
      </memory_area>
      <memory_area display="no" color="green">
         <name>RESET</name>
         <page_id>0x0</page_id>
         <origin>0x3fffc0</origin>
         <length>0x2</length>
         <used_space>0x0</used_space>
         <unused_space>0x2</unused_space>
         <attributes>RWIX</attributes>
         <usage_details>
         </usage_details>
      </memory_area>
      <memory_area display="yes" color="green">
         <name>BOOT_RSVD</name>
         <page_id>0x1</page_id>
         <origin>0x2</origin>
         <length>0xf1</length>
         <used_space>0x0</used_space>
         <unused_space>0xf1</unused_space>
         <attributes>RWIX</attributes>
         <usage_details>
         </usage_details>
      </memory_area>
      <memory_area display="yes" color="green">
         <name>RAMM1</name>
         <page_id>0x1</page_id>
         <origin>0x400</origin>
         <length>0x3f8</length>
         <used_space>0x3f8</used_space>
         <unused_space>0x0</unused_space>
         <attributes>RWIX</attributes>
         <usage_details>
            <allocated_space>
               <start_address>0x400</start_address>
               <size>0x3f8</size>
               <logical_group_ref idref="lg-8"/>
            </allocated_space>
         </usage_details>
      </memory_area>
      <memory_area display="yes" color="green">
         <name>RAMLS5</name>
         <page_id>0x1</page_id>
         <origin>0xa800</origin>
         <length>0x800</length>
         <used_space>0x358</used_space>
         <unused_space>0x4a8</unused_space>
         <attributes>RWIX</attributes>
         <usage_details>
            <allocated_space>
               <start_address>0xa800</start_address>
               <size>0x230</size>
               <logical_group_ref idref="lg-c"/>
            </allocated_space>
            <allocated_space>
               <start_address>0xaa30</start_address>
               <size>0x11e</size>
               <logical_group_ref idref="lg-9"/>
            </allocated_space>
            <allocated_space>
               <start_address>0xab4e</start_address>
               <size>0xa</size>
               <logical_group_ref idref="lg-d"/>
            </allocated_space>
            <available_space>
               <start_address>0xab58</start_address>
               <size>0x4a8</size>
            </available_space>
         </usage_details>
      </memory_area>
      <memory_area display="yes" color="green">
         <name>RAMLS6</name>
         <page_id>0x1</page_id>
         <origin>0xb000</origin>
         <length>0x800</length>
         <used_space>0x0</used_space>
         <unused_space>0x800</unused_space>
         <attributes>RWIX</attributes>
         <usage_details>
         </usage_details>
      </memory_area>
      <memory_area display="yes" color="green">
         <name>RAMLS7</name>
         <page_id>0x1</page_id>
         <origin>0xb800</origin>
         <length>0x800</length>
         <used_space>0x0</used_space>
         <unused_space>0x800</unused_space>
         <attributes>RWIX</attributes>
         <usage_details>
         </usage_details>
      </memory_area>
      <memory_area display="yes" color="green">
         <name>RAMGS0</name>
         <page_id>0x1</page_id>
         <origin>0xc000</origin>
         <length>0x2000</length>
         <used_space>0x0</used_space>
         <unused_space>0x2000</unused_space>
         <attributes>RWIX</attributes>
         <usage_details>
         </usage_details>
      </memory_area>
      <memory_area display="yes" color="green">
         <name>RAMGS1</name>
         <page_id>0x1</page_id>
         <origin>0xe000</origin>
         <length>0x2000</length>
         <used_space>0x0</used_space>
         <unused_space>0x2000</unused_space>
         <attributes>RWIX</attributes>
         <usage_details>
         </usage_details>
      </memory_area>
      <memory_area display="yes" color="green">
         <name>RAMGS2</name>
         <page_id>0x1</page_id>
         <origin>0x10000</origin>
         <length>0x2000</length>
         <used_space>0x0</used_space>
         <unused_space>0x2000</unused_space>
         <attributes>RWIX</attributes>
         <usage_details>
         </usage_details>
      </memory_area>
      <memory_area display="yes" color="green">
         <name>RAMGS3</name>
         <page_id>0x1</page_id>
         <origin>0x12000</origin>
         <length>0x1ff8</length>
         <used_space>0x0</used_space>
         <unused_space>0x1ff8</unused_space>
         <attributes>RWIX</attributes>
         <usage_details>
         </usage_details>
      </memory_area>
   </placement_map>
   <cptbl_list>
      <cptbl>
         <name>__TI_cinit_table</name>
         <cprec>
            <name>.data</name>
            <load_address>0xfc</load_address>
            <load_size>0x8</load_size>
            <run_address>0xab4e</run_address>
            <run_size>0xa</run_size>
            <compression>lzss</compression>
         </cprec>
         <cprec>
            <name>.bss</name>
            <load_address>0x10a</load_address>
            <load_size>0x4</load_size>
            <run_address>0xaa30</run_address>
            <run_size>0x11e</run_size>
            <compression>zero_init</compression>
         </cprec>
      </cptbl>
   </cptbl_list>
   <handler_table>
      <handler_table_name>__TI_handler_table</handler_table_name>
      <handler>
         <index>0x0</index>
         <name>__TI_zero_init</name>
      </handler>
      <handler>
         <index>0x1</index>
         <name>__TI_decompress_lzss</name>
      </handler>
      <handler>
         <index>0x2</index>
         <name>__TI_decompress_none</name>
      </handler>
   </handler_table>
   <symbol_table>
      <symbol id="sm-1">
         <name>__TI_CINIT_Base</name>
         <value>0x10e</value>
      </symbol>
      <symbol id="sm-2">
         <name>__TI_CINIT_Limit</name>
         <value>0x116</value>
      </symbol>
      <symbol id="sm-3">
         <name>__TI_CINIT_Warm</name>
         <value>0x116</value>
      </symbol>
      <symbol id="sm-4">
         <name>__TI_Handler_Table_Base</name>
         <value>0x104</value>
      </symbol>
      <symbol id="sm-5">
         <name>__TI_Handler_Table_Limit</name>
         <value>0x10a</value>
      </symbol>
      <symbol id="sm-6">
         <name>__TI_INITARRAY_Base</name>
         <value>0xfa</value>
      </symbol>
      <symbol id="sm-7">
         <name>__TI_INITARRAY_Limit</name>
         <value>0xfc</value>
      </symbol>
      <symbol id="sm-8">
         <name>__TI_STACK_SIZE</name>
         <value>0x3f8</value>
      </symbol>
      <symbol id="sm-9">
         <name>__TI_STACK_END</name>
         <value>0x7f8</value>
      </symbol>
      <symbol id="sm-a">
         <name>__TI_pprof_out_hndl</name>
         <value>0xffffffff</value>
      </symbol>
      <symbol id="sm-b">
         <name>__TI_prof_data_start</name>
         <value>0xffffffff</value>
      </symbol>
      <symbol id="sm-c">
         <name>__TI_prof_data_size</name>
         <value>0xffffffff</value>
      </symbol>
      <symbol id="sm-3b">
         <name>PinMux_init</name>
         <value>0x9023</value>
         <object_component_ref idref="oc-1d2"/>
      </symbol>
      <symbol id="sm-3c">
         <name>Board_init</name>
         <value>0x9014</value>
         <object_component_ref idref="oc-134"/>
      </symbol>
      <symbol id="sm-49">
         <name>C2000Ware_libraries_init</name>
         <value>0x87ff</value>
         <object_component_ref idref="oc-13a"/>
      </symbol>
      <symbol id="sm-67">
         <name>_Z1Vv</name>
         <value>0x9019</value>
         <object_component_ref idref="oc-159"/>
      </symbol>
      <symbol id="sm-68">
         <name>main</name>
         <value>0x8c09</value>
         <object_component_ref idref="oc-f9"/>
      </symbol>
      <symbol id="sm-69">
         <name>_Z1kv</name>
         <value>0x901e</value>
         <object_component_ref idref="oc-153"/>
      </symbol>
      <symbol id="sm-c0">
         <name>Device_enableAllPeripherals</name>
         <value>0x816e</value>
         <object_component_ref idref="oc-1a4"/>
      </symbol>
      <symbol id="sm-c1">
         <name>Device_initGPIO</name>
         <value>0x8f1b</value>
         <object_component_ref idref="oc-128"/>
      </symbol>
      <symbol id="sm-c2">
         <name>Device_init</name>
         <value>0x8677</value>
         <object_component_ref idref="oc-122"/>
      </symbol>
      <symbol id="sm-c3">
         <name>__error__</name>
         <value>0x9007</value>
         <object_component_ref idref="oc-192"/>
      </symbol>
      <symbol id="sm-d2">
         <name>code_start</name>
         <value>0x0</value>
         <object_component_ref idref="oc-20"/>
      </symbol>
      <symbol id="sm-1c9">
         <name>_ZN5HwI2C5WriteEjPKjj</name>
         <value>0x8465</value>
         <object_component_ref idref="oc-2b5"/>
      </symbol>
      <symbol id="sm-1ca">
         <name>_ZN34_GLOBAL__N__10_hw_i2c_cpp_842102a911WaitForStopEv</name>
         <value>0x8d03</value>
         <object_component_ref idref="oc-37e"/>
      </symbol>
      <symbol id="sm-1cb">
         <name>_ZN34_GLOBAL__N__10_hw_i2c_cpp_842102a918WaitForTxFifoEmptyEv</name>
         <value>0x89ee</value>
         <object_component_ref idref="oc-372"/>
      </symbol>
      <symbol id="sm-1cc">
         <name>_ZN5HwI2C4InitEv</name>
         <value>0x86c8</value>
         <object_component_ref idref="oc-140"/>
      </symbol>
      <symbol id="sm-1cd">
         <name>_ZN34_GLOBAL__N__10_hw_i2c_cpp_842102a914WaitForBusFreeEv</name>
         <value>0x8d1a</value>
         <object_component_ref idref="oc-348"/>
      </symbol>
      <symbol id="sm-298">
         <name>_ZN8MeterLcd5ClearEv</name>
         <value>0x8ff7</value>
         <object_component_ref idref="oc-229"/>
      </symbol>
      <symbol id="sm-299">
         <name>_ZN37_GLOBAL__N__13_meter_lcd_cpp_4b68d83c14DigitFromSheetEj</name>
         <value>0x8763</value>
         <object_component_ref idref="oc-80"/>
      </symbol>
      <symbol id="sm-29a">
         <name>_ZN8MeterLcd5PrintEPKc</name>
         <value>0x8b5a</value>
         <object_component_ref idref="oc-14d"/>
      </symbol>
      <symbol id="sm-29b">
         <name>_ZN37_GLOBAL__N__13_meter_lcd_cpp_4b68d83c9MakeIcsetEjb</name>
         <value>0x8e97</value>
         <object_component_ref idref="oc-21d"/>
      </symbol>
      <symbol id="sm-29c">
         <name>_ZN8MeterLcd15SetGlassSegmentENS_12GlassSegmentEb</name>
         <value>0x8b3a</value>
         <object_component_ref idref="oc-23d"/>
      </symbol>
      <symbol id="sm-29d">
         <name>_ZN8MeterLcd9SetRamBitEjjb</name>
         <value>0x8a8b</value>
         <object_component_ref idref="oc-2d4"/>
      </symbol>
      <symbol id="sm-29e">
         <name>_ZN37_GLOBAL__N__13_meter_lcd_cpp_4b68d83c20IsMappedSegmentLabelEj</name>
         <value>0x8fb8</value>
         <object_component_ref idref="oc-ba"/>
      </symbol>
      <symbol id="sm-29f">
         <name>_ZN37_GLOBAL__N__13_meter_lcd_cpp_4b68d83c15IsValidLocationERKNS_15SegmentLocationE</name>
         <value>0x8fad</value>
         <object_component_ref idref="oc-2ce"/>
      </symbol>
      <symbol id="sm-2a0">
         <name>_ZN37_GLOBAL__N__13_meter_lcd_cpp_4b68d83c16EncodeMainNumberEPKcPj</name>
         <value>0x83d3</value>
         <object_component_ref idref="oc-230"/>
      </symbol>
      <symbol id="sm-2a1">
         <name>_ZN37_GLOBAL__N__13_meter_lcd_cpp_4b68d83c11MakeCommandEj</name>
         <value>0x900e</value>
         <object_component_ref idref="oc-2af"/>
      </symbol>
      <symbol id="sm-2a2">
         <name>__sti___13_meter_lcd_cpp_4b68d83c</name>
         <value>0x8000</value>
         <object_component_ref idref="oc-5b"/>
      </symbol>
      <symbol id="sm-2a3">
         <name>_ZN37_GLOBAL__N__13_meter_lcd_cpp_4b68d83c11gDisplayRamE</name>
         <value>0xab1e</value>
         <object_component_ref idref="oc-21a"/>
      </symbol>
      <symbol id="sm-2a4">
         <name>_ZN37_GLOBAL__N__13_meter_lcd_cpp_4b68d83c16SegmentFromSheetEjN8MeterLcd3ComE</name>
         <value>0x8ad4</value>
         <object_component_ref idref="oc-8c"/>
      </symbol>
      <symbol id="sm-2a5">
         <name>_ZN37_GLOBAL__N__13_meter_lcd_cpp_4b68d83c11SendCommandEj</name>
         <value>0x8e83</value>
         <object_component_ref idref="oc-223"/>
      </symbol>
      <symbol id="sm-2a6">
         <name>_ZN37_GLOBAL__N__13_meter_lcd_cpp_4b68d83c12WriteRamPageEjPKjj</name>
         <value>0x8b19</value>
         <object_component_ref idref="oc-2c7"/>
      </symbol>
      <symbol id="sm-2a7">
         <name>_ZN8MeterLcd8WriteRamEjPKjj</name>
         <value>0x895d</value>
         <object_component_ref idref="oc-236"/>
      </symbol>
      <symbol id="sm-2a8">
         <name>_ZN8MeterLcd7RefreshEv</name>
         <value>0x9000</value>
         <object_component_ref idref="oc-2bc"/>
      </symbol>
      <symbol id="sm-2a9">
         <name>_ZN8MeterLcd4InitEv</name>
         <value>0x8af7</value>
         <object_component_ref idref="oc-146"/>
      </symbol>
      <symbol id="sm-2f0">
         <name>GPIO_setQualificationMode</name>
         <value>0x8926</value>
         <object_component_ref idref="oc-1e2"/>
      </symbol>
      <symbol id="sm-2f1">
         <name>GPIO_setPadConfig</name>
         <value>0x8625</value>
         <object_component_ref idref="oc-1b0"/>
      </symbol>
      <symbol id="sm-2f2">
         <name>GPIO_setAnalogMode</name>
         <value>0x887d</value>
         <object_component_ref idref="oc-1bc"/>
      </symbol>
      <symbol id="sm-2f3">
         <name>GPIO_setDirectionMode</name>
         <value>0x898f</value>
         <object_component_ref idref="oc-1b6"/>
      </symbol>
      <symbol id="sm-2f4">
         <name>GPIO_setPinConfig</name>
         <value>0x88ef</value>
         <object_component_ref idref="oc-1dc"/>
      </symbol>
      <symbol id="sm-316">
         <name>I2C_initController</name>
         <value>0x8563</value>
         <object_component_ref idref="oc-1ee"/>
      </symbol>
      <symbol id="sm-350">
         <name>Interrupt_defaultHandler</name>
         <value>0x8d74</value>
         <object_component_ref idref="oc-26"/>
      </symbol>
      <symbol id="sm-351">
         <name>Interrupt_initModule</name>
         <value>0x8840</value>
         <object_component_ref idref="oc-12e"/>
      </symbol>
      <symbol id="sm-352">
         <name>Interrupt_nmiHandler</name>
         <value>0x8fcd</value>
         <object_component_ref idref="oc-38"/>
      </symbol>
      <symbol id="sm-353">
         <name>Interrupt_initVectorTable</name>
         <value>0x8b97</value>
         <object_component_ref idref="oc-2c"/>
      </symbol>
      <symbol id="sm-354">
         <name>Interrupt_illegalOperationHandler</name>
         <value>0x8fc3</value>
         <object_component_ref idref="oc-32"/>
      </symbol>
      <symbol id="sm-468">
         <name>SysCtl_isPLLValid</name>
         <value>0x8316</value>
         <object_component_ref idref="oc-264"/>
      </symbol>
      <symbol id="sm-469">
         <name>SysCtl_delay</name>
         <value>0xf6</value>
         <object_component_ref idref="oc-263"/>
      </symbol>
      <symbol id="sm-46a">
         <name>SysCtl_selectXTALSingleEnded</name>
         <value>0x8a66</value>
         <object_component_ref idref="oc-2e4"/>
      </symbol>
      <symbol id="sm-46b">
         <name>SysCtl_selectXTAL</name>
         <value>0x8800</value>
         <object_component_ref idref="oc-2de"/>
      </symbol>
      <symbol id="sm-46c">
         <name>SysCtl_selectOscSource</name>
         <value>0x8716</value>
         <object_component_ref idref="oc-25d"/>
      </symbol>
      <symbol id="sm-46d">
         <name>SysCtl_getLowSpeedClock</name>
         <value>0x8c24</value>
         <object_component_ref idref="oc-198"/>
      </symbol>
      <symbol id="sm-46e">
         <name>SysCtl_setClock</name>
         <value>0x824e</value>
         <object_component_ref idref="oc-17f"/>
      </symbol>
      <symbol id="sm-46f">
         <name>SysCtl_getClock</name>
         <value>0x85c7</value>
         <object_component_ref idref="oc-18b"/>
      </symbol>
      <symbol id="sm-479">
         <name>_c_int00</name>
         <value>0x8d31</value>
         <object_component_ref idref="oc-77"/>
      </symbol>
      <symbol id="sm-47a">
         <name>__stack</name>
         <value>0x400</value>
         <object_component_ref idref="oc-3e"/>
      </symbol>
      <symbol id="sm-48d">
         <name>memcpy</name>
         <value>0x8bb5</value>
         <object_component_ref idref="oc-41"/>
      </symbol>
      <symbol id="sm-49a">
         <name>_system_pre_init</name>
         <value>0x8ffe</value>
         <object_component_ref idref="oc-9f"/>
      </symbol>
      <symbol id="sm-4ac">
         <name>__TI_auto_init_nobinit</name>
         <value>0x88b7</value>
         <object_component_ref idref="oc-cf"/>
      </symbol>
      <symbol id="sm-4bb">
         <name>__TI_zero_init_nomemset</name>
         <value>0x8f73</value>
         <object_component_ref idref="oc-49"/>
      </symbol>
      <symbol id="sm-4c8">
         <name>__TI_decompress_none</name>
         <value>0x8fe0</value>
         <object_component_ref idref="oc-19"/>
      </symbol>
      <symbol id="sm-4dc">
         <name>__TI_decompress_lzss</name>
         <value>0x89c0</value>
         <object_component_ref idref="oc-13"/>
      </symbol>
      <symbol id="sm-4f2">
         <name>C$$EXIT</name>
         <value>0x8a17</value>
         <object_component_ref idref="oc-ac"/>
      </symbol>
      <symbol id="sm-4f3">
         <name>abort</name>
         <value>0x8a17</value>
         <object_component_ref idref="oc-ac"/>
      </symbol>
      <symbol id="sm-4f4">
         <name>exit</name>
         <value>0x8a19</value>
         <object_component_ref idref="oc-ac"/>
      </symbol>
      <symbol id="sm-4f5">
         <name>__TI_dtors_ptr</name>
         <value>0xab52</value>
         <object_component_ref idref="oc-101"/>
      </symbol>
      <symbol id="sm-4f6">
         <name>__TI_cleanup_ptr</name>
         <value>0xab50</value>
         <object_component_ref idref="oc-101"/>
      </symbol>
      <symbol id="sm-4f7">
         <name>__TI_enable_exit_profile_output</name>
         <value>0xab4e</value>
         <object_component_ref idref="oc-101"/>
      </symbol>
      <symbol id="sm-50e">
         <name>_nop</name>
         <value>0x8fdf</value>
         <object_component_ref idref="oc-166"/>
      </symbol>
      <symbol id="sm-50f">
         <name>_lock</name>
         <value>0xab54</value>
         <object_component_ref idref="oc-104"/>
      </symbol>
      <symbol id="sm-510">
         <name>_unlock</name>
         <value>0xab56</value>
         <object_component_ref idref="oc-248"/>
      </symbol>
      <symbol id="sm-511">
         <name>_register_lock</name>
         <value>0x8fdb</value>
         <object_component_ref idref="oc-166"/>
      </symbol>
      <symbol id="sm-512">
         <name>_register_unlock</name>
         <value>0x8fd7</value>
         <object_component_ref idref="oc-166"/>
      </symbol>
      <symbol id="sm-521">
         <name>_args_main</name>
         <value>0x8f80</value>
         <object_component_ref idref="oc-a6"/>
      </symbol>
      <symbol id="sm-530">
         <name>_system_post_cinit</name>
         <value>0x9024</value>
         <object_component_ref idref="oc-10d"/>
      </symbol>
      <symbol id="sm-532">
         <name>__c_args__</name>
         <value>0x0</value>
      </symbol>
   </symbol_table>
   <title>Link successful</title>
</link_info>
